Archive member included because of file (symbol)

/home/kennedn/.pebble-sdk/SDKs/current/sdk-core/pebble/aplite/lib/libpebble.a(tmp7jpKUopebble.o)
                              src/c/Stateful.c.33.o (app_event_loop)

Allocating common symbols
Common symbol       size              file

ubuntu10            0x4               src/c/Stateful.c.33.o
colors              0x4               src/c/Stateful.c.33.o
ubuntu18            0x4               src/c/Stateful.c.33.o
sidebar_layer       0x4               src/c/Stateful.c.33.o
heading_layer       0x4               src/c/Stateful.c.33.o
icon                0x4               src/c/Stateful.c.33.o
icon_layer          0x4               src/c/Stateful.c.33.o
bg_layer            0x4               src/c/Stateful.c.33.o
window              0x4               src/c/Stateful.c.33.o

Discarded input sections

 .text          0x0000000000000000        0x0 /home/kennedn/.pebble-dev/pebble-sdk-4.5-linux64/arm-cs-tools/bin/../lib/gcc/arm-none-eabi/4.7.2/thumb2/crti.o
 .bss           0x0000000000000000        0x0 /home/kennedn/.pebble-dev/pebble-sdk-4.5-linux64/arm-cs-tools/bin/../lib/gcc/arm-none-eabi/4.7.2/thumb2/crti.o
 .init          0x0000000000000000        0x4 /home/kennedn/.pebble-dev/pebble-sdk-4.5-linux64/arm-cs-tools/bin/../lib/gcc/arm-none-eabi/4.7.2/thumb2/crti.o
 .fini          0x0000000000000000        0x4 /home/kennedn/.pebble-dev/pebble-sdk-4.5-linux64/arm-cs-tools/bin/../lib/gcc/arm-none-eabi/4.7.2/thumb2/crti.o
 .text          0x0000000000000000       0xc8 /home/kennedn/.pebble-dev/pebble-sdk-4.5-linux64/arm-cs-tools/bin/../lib/gcc/arm-none-eabi/4.7.2/thumb2/crtbegin.o
 .bss           0x0000000000000000       0x1c /home/kennedn/.pebble-dev/pebble-sdk-4.5-linux64/arm-cs-tools/bin/../lib/gcc/arm-none-eabi/4.7.2/thumb2/crtbegin.o
 .init_array    0x0000000000000000        0x4 /home/kennedn/.pebble-dev/pebble-sdk-4.5-linux64/arm-cs-tools/bin/../lib/gcc/arm-none-eabi/4.7.2/thumb2/crtbegin.o
 .fini_array    0x0000000000000000        0x4 /home/kennedn/.pebble-dev/pebble-sdk-4.5-linux64/arm-cs-tools/bin/../lib/gcc/arm-none-eabi/4.7.2/thumb2/crtbegin.o
 .eh_frame      0x0000000000000000        0x0 /home/kennedn/.pebble-dev/pebble-sdk-4.5-linux64/arm-cs-tools/bin/../lib/gcc/arm-none-eabi/4.7.2/thumb2/crtbegin.o
 .jcr           0x0000000000000000        0x0 /home/kennedn/.pebble-dev/pebble-sdk-4.5-linux64/arm-cs-tools/bin/../lib/gcc/arm-none-eabi/4.7.2/thumb2/crtbegin.o
 .tm_clone_table
                0x0000000000000000        0x0 /home/kennedn/.pebble-dev/pebble-sdk-4.5-linux64/arm-cs-tools/bin/../lib/gcc/arm-none-eabi/4.7.2/thumb2/crtbegin.o
 .text          0x0000000000000000        0x0 src/c/Stateful.c.33.o
 .bss           0x0000000000000000        0x0 src/c/Stateful.c.33.o
 .text          0x0000000000000000        0x0 aplite/appinfo.auto.c.33.o
 .bss           0x0000000000000000        0x0 aplite/appinfo.auto.c.33.o
 .text          0x0000000000000000        0x0 aplite/src/resource_ids.auto.c.33.o
 .bss           0x0000000000000000        0x0 aplite/src/resource_ids.auto.c.33.o
 .data.RESOURCE_ID_FONT_UBUNTU_BOLD_10
                0x0000000000000000        0x4 aplite/src/resource_ids.auto.c.33.o
 .data.RESOURCE_ID_FONT_UBUNTU_BOLD_18
                0x0000000000000000        0x4 aplite/src/resource_ids.auto.c.33.o
 .data.RESOURCE_ID_IMAGE_BULB
                0x0000000000000000        0x4 aplite/src/resource_ids.auto.c.33.o
 .text          0x0000000000000000        0x0 src/message_keys.auto.c.33.o
 .bss           0x0000000000000000        0x0 src/message_keys.auto.c.33.o
 .data.MESSAGE_KEY_dummy
                0x0000000000000000        0x4 src/message_keys.auto.c.33.o
 .bss           0x0000000000000000        0x0 /home/kennedn/.pebble-sdk/SDKs/current/sdk-core/pebble/aplite/lib/libpebble.a(tmp7jpKUopebble.o)
 .text.accel_data_service_subscribe__deprecated
                0x0000000000000000        0xc /home/kennedn/.pebble-sdk/SDKs/current/sdk-core/pebble/aplite/lib/libpebble.a(tmp7jpKUopebble.o)
 .text.accel_data_service_unsubscribe
                0x0000000000000000        0xc /home/kennedn/.pebble-sdk/SDKs/current/sdk-core/pebble/aplite/lib/libpebble.a(tmp7jpKUopebble.o)
 .text.accel_service_peek
                0x0000000000000000        0xc /home/kennedn/.pebble-sdk/SDKs/current/sdk-core/pebble/aplite/lib/libpebble.a(tmp7jpKUopebble.o)
 .text.accel_service_set_samples_per_update
                0x0000000000000000        0xc /home/kennedn/.pebble-sdk/SDKs/current/sdk-core/pebble/aplite/lib/libpebble.a(tmp7jpKUopebble.o)
 .text.accel_service_set_sampling_rate
                0x0000000000000000        0xc /home/kennedn/.pebble-sdk/SDKs/current/sdk-core/pebble/aplite/lib/libpebble.a(tmp7jpKUopebble.o)
 .text.accel_tap_service_subscribe
                0x0000000000000000        0xc /home/kennedn/.pebble-sdk/SDKs/current/sdk-core/pebble/aplite/lib/libpebble.a(tmp7jpKUopebble.o)
 .text.accel_tap_service_unsubscribe
[...]
Memory Configuration

Name             Origin             Length             Attributes
APP              0x0000000000000000 0x0000000000006000 xrw
*default*        0x0000000000000000 0xffffffffffffffff

Linker script and memory map

LOAD /home/kennedn/.pebble-dev/pebble-sdk-4.5-linux64/arm-cs-tools/bin/../lib/gcc/arm-none-eabi/4.7.2/thumb2/crti.o
LOAD /home/kennedn/.pebble-dev/pebble-sdk-4.5-linux64/arm-cs-tools/bin/../lib/gcc/arm-none-eabi/4.7.2/thumb2/crtbegin.o
LOAD src/c/Stateful.c.33.o
LOAD aplite/appinfo.auto.c.33.o
LOAD aplite/src/resource_ids.auto.c.33.o
LOAD src/message_keys.auto.c.33.o
LOAD /home/kennedn/.pebble-sdk/SDKs/current/sdk-core/pebble/aplite/lib/libpebble.a
START GROUP
LOAD /home/kennedn/.pebble-dev/pebble-sdk-4.5-linux64/arm-cs-tools/bin/../lib/gcc/arm-none-eabi/4.7.2/thumb2/libgcc.a
LOAD /home/kennedn/.pebble-dev/pebble-sdk-4.5-linux64/arm-cs-tools/bin/../lib/gcc/arm-none-eabi/4.7.2/../../../../arm-none-eabi/lib/thumb2/libc.a
END GROUP
LOAD /home/kennedn/.pebble-dev/pebble-sdk-4.5-linux64/arm-cs-tools/bin/../lib/gcc/arm-none-eabi/4.7.2/thumb2/crtend.o
LOAD /home/kennedn/.pebble-dev/pebble-sdk-4.5-linux64/arm-cs-tools/bin/../lib/gcc/arm-none-eabi/4.7.2/thumb2/crtn.o

.header         0x0000000000000000       0x82
 *(.pbl_header)
 .pbl_header    0x0000000000000000       0x82 aplite/appinfo.auto.c.33.o
                0x0000000000000000                __pbl_app_info

.note.gnu.build-id
                0x0000000000000082       0x26
                0x0000000000000082                PROVIDE (BUILD_ID, .)
 *(.note.gnu.build-id)
 *fill*         0x0000000000000082        0x2 
 .note.gnu.build-id
                0x0000000000000084       0x24 linker stubs

.text           0x00000000000000a8      0x75e
 *(.text)
 .text          0x00000000000000a8       0x14 /home/kennedn/.pebble-sdk/SDKs/current/sdk-core/pebble/aplite/lib/libpebble.a(tmp7jpKUopebble.o)
 *(.text.*)
 .text.click_config_provider
                0x00000000000000bc       0x30 src/c/Stateful.c.33.o
 .text.down_click_callback
                0x00000000000000ec       0x18 src/c/Stateful.c.33.o
 .text.up_click_callback
                0x0000000000000104       0x18 src/c/Stateful.c.33.o
 .text.select_click_callback
                0x000000000000011c       0x50 src/c/Stateful.c.33.o
 .text.window_unload
                0x000000000000016c       0x18 src/c/Stateful.c.33.o
 .text.window_load
                0x0000000000000184      0x1ac src/c/Stateful.c.33.o
 .text.sidebar_layer_callback
                0x0000000000000330       0xd8 src/c/Stateful.c.33.o
 .text.bg_layer_callback
                0x0000000000000408       0x58 src/c/Stateful.c.33.o
 .text.heading_layer_callback
                0x0000000000000460      0x114 src/c/Stateful.c.33.o
 .text.startup.main
                0x0000000000000574       0xcc src/c/Stateful.c.33.o
                0x0000000000000574                main
 .text.app_event_loop
                0x0000000000000640        0xc /home/kennedn/.pebble-sdk/SDKs/current/sdk-core/pebble/aplite/lib/libpebble.a(tmp7jpKUopebble.o)
                0x0000000000000640                app_event_loop
 .text.app_log  0x000000000000064c        0xc /home/kennedn/.pebble-sdk/SDKs/current/sdk-core/pebble/aplite/lib/libpebble.a(tmp7jpKUopebble.o)
                0x000000000000064c                app_log
 .text.bitmap_layer_create
                0x0000000000000658        0xc /home/kennedn/.pebble-sdk/SDKs/current/sdk-core/pebble/aplite/lib/libpebble.a(tmp7jpKUopebble.o)
                0x0000000000000658                bitmap_layer_create
 .text.bitmap_layer_get_layer
                0x0000000000000664        0xc /home/kennedn/.pebble-sdk/SDKs/current/sdk-core/pebble/aplite/lib/libpebble.a(tmp7jpKUopebble.o)
                0x0000000000000664                bitmap_layer_get_layer
 .text.bitmap_layer_set_alignment
                0x0000000000000670        0xc /home/kennedn/.pebble-sdk/SDKs/current/sdk-core/pebble/aplite/lib/libpebble.a(tmp7jpKUopebble.o)
                0x0000000000000670                bitmap_layer_set_alignment
 .text.bitmap_layer_set_bitmap
                0x000000000000067c        0xc /home/kennedn/.pebble-sdk/SDKs/current/sdk-core/pebble/aplite/lib/libpebble.a(tmp7jpKUopebble.o)
                0x000000000000067c                bitmap_layer_set_bitmap
 .text.bitmap_layer_set_compositing_mode
                0x0000000000000688        0xc /home/kennedn/.pebble-sdk/SDKs/current/sdk-core/pebble/aplite/lib/libpebble.a(tmp7jpKUopebble.o)
                0x0000000000000688                bitmap_layer_set_compositing_mode
 .text.fonts_load_custom_font
                0x0000000000000694        0xc /home/kennedn/.pebble-sdk/SDKs/current/sdk-core/pebble/aplite/lib/libpebble.a(tmp7jpKUopebble.o)
                0x0000000000000694                fonts_load_custom_font
 .text.fonts_unload_custom_font
                0x00000000000006a0        0xc /home/kennedn/.pebble-sdk/SDKs/current/sdk-core/pebble/aplite/lib/libpebble.a(tmp7jpKUopebble.o)
                0x00000000000006a0                fonts_unload_custom_font
 .text.gbitmap_create_with_resource
                0x00000000000006ac        0xc /home/kennedn/.pebble-sdk/SDKs/current/sdk-core/pebble/aplite/lib/libpebble.a(tmp7jpKUopebble.o)
                0x00000000000006ac                gbitmap_create_with_resource
 .text.graphics_draw_line
                0x00000000000006b8        0xc /home/kennedn/.pebble-sdk/SDKs/current/sdk-core/pebble/aplite/lib/libpebble.a(tmp7jpKUopebble.o)
                0x00000000000006b8                graphics_draw_line
 .text.graphics_draw_rect
                0x00000000000006c4        0xc /home/kennedn/.pebble-sdk/SDKs/current/sdk-core/pebble/aplite/lib/libpebble.a(tmp7jpKUopebble.o)
                0x00000000000006c4                graphics_draw_rect
 .text.graphics_fill_rect
                0x00000000000006d0        0xc /home/kennedn/.pebble-sdk/SDKs/current/sdk-core/pebble/aplite/lib/libpebble.a(tmp7jpKUopebble.o)
                0x00000000000006d0                graphics_fill_rect
 .text.layer_add_child
                0x00000000000006dc        0xc /home/kennedn/.pebble-sdk/SDKs/current/sdk-core/pebble/aplite/lib/libpebble.a(tmp7jpKUopebble.o)
                0x00000000000006dc                layer_add_child
 .text.layer_create
                0x00000000000006e8        0xc /home/kennedn/.pebble-sdk/SDKs/current/sdk-core/pebble/aplite/lib/libpebble.a(tmp7jpKUopebble.o)
                0x00000000000006e8                layer_create
 .text.layer_destroy
                0x00000000000006f4        0xc /home/kennedn/.pebble-sdk/SDKs/current/sdk-core/pebble/aplite/lib/libpebble.a(tmp7jpKUopebble.o)
                0x00000000000006f4                layer_destroy
 .text.layer_get_bounds
                0x0000000000000700        0xc /home/kennedn/.pebble-sdk/SDKs/current/sdk-core/pebble/aplite/lib/libpebble.a(tmp7jpKUopebble.o)
                0x0000000000000700                layer_get_bounds
 .text.layer_mark_dirty
                0x000000000000070c        0xc /home/kennedn/.pebble-sdk/SDKs/current/sdk-core/pebble/aplite/lib/libpebble.a(tmp7jpKUopebble.o)
                0x000000000000070c                layer_mark_dirty
 .text.layer_set_update_proc
                0x0000000000000718        0xc /home/kennedn/.pebble-sdk/SDKs/current/sdk-core/pebble/aplite/lib/libpebble.a(tmp7jpKUopebble.o)
                0x0000000000000718                layer_set_update_proc
 .text.memset   0x0000000000000724        0xc /home/kennedn/.pebble-sdk/SDKs/current/sdk-core/pebble/aplite/lib/libpebble.a(tmp7jpKUopebble.o)
                0x0000000000000724                memset
 .text.resource_get_handle
                0x0000000000000730        0xc /home/kennedn/.pebble-sdk/SDKs/current/sdk-core/pebble/aplite/lib/libpebble.a(tmp7jpKUopebble.o)
                0x0000000000000730                resource_get_handle
 .text.vibes_enqueue_custom_pattern
                0x000000000000073c        0xc /home/kennedn/.pebble-sdk/SDKs/current/sdk-core/pebble/aplite/lib/libpebble.a(tmp7jpKUopebble.o)
                0x000000000000073c                vibes_enqueue_custom_pattern
 .text.window_create
                0x0000000000000748        0xc /home/kennedn/.pebble-sdk/SDKs/current/sdk-core/pebble/aplite/lib/libpebble.a(tmp7jpKUopebble.o)
                0x0000000000000748                window_create
 .text.window_destroy
                0x0000000000000754        0xc /home/kennedn/.pebble-sdk/SDKs/current/sdk-core/pebble/aplite/lib/libpebble.a(tmp7jpKUopebble.o)
                0x0000000000000754                window_destroy
 .text.window_get_root_layer
                0x0000000000000760        0xc /home/kennedn/.pebble-sdk/SDKs/current/sdk-core/pebble/aplite/lib/libpebble.a(tmp7jpKUopebble.o)
                0x0000000000000760                window_get_root_layer
 .text.window_set_click_config_provider
                0x000000000000076c        0xc /home/kennedn/.pebble-sdk/SDKs/current/sdk-core/pebble/aplite/lib/libpebble.a(tmp7jpKUopebble.o)
                0x000000000000076c                window_set_click_config_provider
 .text.window_set_window_handlers
                0x0000000000000778        0xc /home/kennedn/.pebble-sdk/SDKs/current/sdk-core/pebble/aplite/lib/libpebble.a(tmp7jpKUopebble.o)
                0x0000000000000778                window_set_window_handlers
 .text.window_stack_push
                0x0000000000000784        0xc /home/kennedn/.pebble-sdk/SDKs/current/sdk-core/pebble/aplite/lib/libpebble.a(tmp7jpKUopebble.o)
                0x0000000000000784                window_stack_push
 .text.window_single_click_subscribe
                0x0000000000000790        0xc /home/kennedn/.pebble-sdk/SDKs/current/sdk-core/pebble/aplite/lib/libpebble.a(tmp7jpKUopebble.o)
                0x0000000000000790                window_single_click_subscribe
 .text.graphics_draw_text
                0x000000000000079c        0xc /home/kennedn/.pebble-sdk/SDKs/current/sdk-core/pebble/aplite/lib/libpebble.a(tmp7jpKUopebble.o)
                0x000000000000079c                graphics_draw_text
 .text.graphics_context_set_fill_color
                0x00000000000007a8        0xc /home/kennedn/.pebble-sdk/SDKs/current/sdk-core/pebble/aplite/lib/libpebble.a(tmp7jpKUopebble.o)
                0x00000000000007a8                graphics_context_set_fill_color
 .text.graphics_context_set_stroke_color
                0x00000000000007b4        0xc /home/kennedn/.pebble-sdk/SDKs/current/sdk-core/pebble/aplite/lib/libpebble.a(tmp7jpKUopebble.o)
                0x00000000000007b4                graphics_context_set_stroke_color
 .text.window_set_background_color
                0x00000000000007c0        0xc /home/kennedn/.pebble-sdk/SDKs/current/sdk-core/pebble/aplite/lib/libpebble.a(tmp7jpKUopebble.o)
                0x00000000000007c0                window_set_background_color
 .text.graphics_context_set_stroke_width
                0x00000000000007cc        0xc /home/kennedn/.pebble-sdk/SDKs/current/sdk-core/pebble/aplite/lib/libpebble.a(tmp7jpKUopebble.o)
                0x00000000000007cc                graphics_context_set_stroke_width
 *(.rodata)
 *(.rodata*)
 .rodata.str1.1
                0x00000000000007d8       0x2e src/c/Stateful.c.33.o

.glue_7         0x0000000000000808        0x0
 .glue_7        0x0000000000000000        0x0 linker stubs

.glue_7t        0x0000000000000808        0x0
 .glue_7t       0x0000000000000000        0x0 linker stubs

.vfp11_veneer   0x0000000000000808        0x0
 .vfp11_veneer  0x0000000000000000        0x0 linker stubs

.v4_bx          0x0000000000000808        0x0
 .v4_bx         0x0000000000000000        0x0 linker stubs

.iplt           0x0000000000000808        0x0
 .iplt          0x0000000000000000        0x0 /home/kennedn/.pebble-dev/pebble-sdk-4.5-linux64/arm-cs-tools/bin/../lib/gcc/arm-none-eabi/4.7.2/thumb2/crtbegin.o

.rel.dyn        0x0000000000000808        0x0
 .rel.iplt      0x0000000000000000        0x0 /home/kennedn/.pebble-dev/pebble-sdk-4.5-linux64/arm-cs-tools/bin/../lib/gcc/arm-none-eabi/4.7.2/thumb2/crtbegin.o
 .rel.got       0x0000000000000000        0x0 /home/kennedn/.pebble-dev/pebble-sdk-4.5-linux64/arm-cs-tools/bin/../lib/gcc/arm-none-eabi/4.7.2/thumb2/crtbegin.o

.data           0x0000000000000808       0x10
 *(.data)
 .data          0x0000000000000808        0x0 /home/kennedn/.pebble-dev/pebble-sdk-4.5-linux64/arm-cs-tools/bin/../lib/gcc/arm-none-eabi/4.7.2/thumb2/crti.o
 .data          0x0000000000000808        0x4 /home/kennedn/.pebble-dev/pebble-sdk-4.5-linux64/arm-cs-tools/bin/../lib/gcc/arm-none-eabi/4.7.2/thumb2/crtbegin.o
                0x0000000000000808                __dso_handle
 .data          0x000000000000080c        0x0 src/c/Stateful.c.33.o
 .data          0x000000000000080c        0x0 aplite/appinfo.auto.c.33.o
 .data          0x000000000000080c        0x0 aplite/src/resource_ids.auto.c.33.o
 .data          0x000000000000080c        0x0 src/message_keys.auto.c.33.o
 .data          0x000000000000080c        0x0 /home/kennedn/.pebble-sdk/SDKs/current/sdk-core/pebble/aplite/lib/libpebble.a(tmp7jpKUopebble.o)
 .data          0x000000000000080c        0x0 /home/kennedn/.pebble-dev/pebble-sdk-4.5-linux64/arm-cs-tools/bin/../lib/gcc/arm-none-eabi/4.7.2/thumb2/crtend.o
 .data          0x000000000000080c        0x0 /home/kennedn/.pebble-dev/pebble-sdk-4.5-linux64/arm-cs-tools/bin/../lib/gcc/arm-none-eabi/4.7.2/thumb2/crtn.o
 *(.data.*)
 .data.__compound_literal.0
                0x000000000000080c        0x4 src/c/Stateful.c.33.o
 .data.rel.local.short_vibe
                0x0000000000000810        0x8 src/c/Stateful.c.33.o
                0x0000000000000810                short_vibe

.igot.plt       0x0000000000000818        0x0
 .igot.plt      0x0000000000000000        0x0 /home/kennedn/.pebble-dev/pebble-sdk-4.5-linux64/arm-cs-tools/bin/../lib/gcc/arm-none-eabi/4.7.2/thumb2/crtbegin.o

.got            0x0000000000000818       0x24
 .got           0x0000000000000818       0x24 /home/kennedn/.pebble-dev/pebble-sdk-4.5-linux64/arm-cs-tools/bin/../lib/gcc/arm-none-eabi/4.7.2/thumb2/crtbegin.o

.got.plt        0x000000000000083c        0xc
 .got.plt       0x000000000000083c        0xc /home/kennedn/.pebble-dev/pebble-sdk-4.5-linux64/arm-cs-tools/bin/../lib/gcc/arm-none-eabi/4.7.2/thumb2/crtbegin.o
                0x000000000000083c                _GLOBAL_OFFSET_TABLE_

.bss            0x0000000000000848       0x34
 *(.bss)
 *(.bss.*)
 .bss.color     0x0000000000000848        0x4 src/c/Stateful.c.33.o
                0x0000000000000848                color
 .bss.window_width
                0x000000000000084c        0x4 src/c/Stateful.c.33.o
 .bss.x_pad     0x0000000000000850        0x1 src/c/Stateful.c.33.o
 .bss.y_pad     0x0000000000000851        0x1 src/c/Stateful.c.33.o
 *fill*         0x0000000000000852        0x2 
 .bss.window_height
                0x0000000000000854        0x4 src/c/Stateful.c.33.o
 COMMON         0x0000000000000858       0x24 src/c/Stateful.c.33.o
                0x0000000000000858                ubuntu10
                0x000000000000085c                colors
                0x0000000000000860                ubuntu18
                0x0000000000000864                sidebar_layer
                0x0000000000000868                heading_layer
                0x000000000000086c                icon
                0x0000000000000870                icon_layer
                0x0000000000000874                bg_layer
                0x0000000000000878                window

DISCARD
 libc.a(*)
 libm.a(*)
 libgcc.a(*)
 *(.eh_frame)
OUTPUT(/home/kennedn/.pebble-dev/projects/Stateful/build/aplite/pebble-app.elf elf32-littlearm)

.ARM.attributes
                0x0000000000000000       0x27
 .ARM.attributes
                0x0000000000000000       0x19 /home/kennedn/.pebble-dev/pebble-sdk-4.5-linux64/arm-cs-tools/bin/../lib/gcc/arm-none-eabi/4.7.2/thumb2/crti.o
 .ARM.attributes
                0x0000000000000019       0x29 /home/kennedn/.pebble-dev/pebble-sdk-4.5-linux64/arm-cs-tools/bin/../lib/gcc/arm-none-eabi/4.7.2/thumb2/crtbegin.o
 .ARM.attributes
                0x0000000000000042       0x33 src/c/Stateful.c.33.o
 .ARM.attributes
                0x0000000000000075       0x33 aplite/appinfo.auto.c.33.o
 .ARM.attributes
                0x00000000000000a8       0x33 aplite/src/resource_ids.auto.c.33.o
 .ARM.attributes
                0x00000000000000db       0x33 src/message_keys.auto.c.33.o
 .ARM.attributes
                0x000000000000010e       0x21 /home/kennedn/.pebble-sdk/SDKs/current/sdk-core/pebble/aplite/lib/libpebble.a(tmp7jpKUopebble.o)
 .ARM.attributes
                0x000000000000012f       0x29 /home/kennedn/.pebble-dev/pebble-sdk-4.5-linux64/arm-cs-tools/bin/../lib/gcc/arm-none-eabi/4.7.2/thumb2/crtend.o
 .ARM.attributes
                0x0000000000000158       0x19 /home/kennedn/.pebble-dev/pebble-sdk-4.5-linux64/arm-cs-tools/bin/../lib/gcc/arm-none-eabi/4.7.2/thumb2/crtn.o

.comment        0x0000000000000000       0x4e
 .comment       0x0000000000000000       0x4e /home/kennedn/.pebble-dev/pebble-sdk-4.5-linux64/arm-cs-tools/bin/../lib/gcc/arm-none-eabi/4.7.2/thumb2/crtbegin.o
                                         0x4f (size before relaxing)
 .comment       0x0000000000000000       0x4f src/c/Stateful.c.33.o
 .comment       0x0000000000000000       0x4f aplite/appinfo.auto.c.33.o
 .comment       0x0000000000000000       0x4f aplite/src/resource_ids.auto.c.33.o
 .comment       0x0000000000000000       0x4f src/message_keys.auto.c.33.o
 .comment       0x0000000000000000       0x4f /home/kennedn/.pebble-dev/pebble-sdk-4.5-linux64/arm-cs-tools/bin/../lib/gcc/arm-none-eabi/4.7.2/thumb2/crtend.o

.debug_info     0x0000000000000000     0x15b9
 .debug_info    0x0000000000000000     0x1179 src/c/Stateful.c.33.o
 .debug_info    0x0000000000001179      0x31a aplite/appinfo.auto.c.33.o
 .debug_info    0x0000000000001493       0xa5 aplite/src/resource_ids.auto.c.33.o
 .debug_info    0x0000000000001538       0x81 src/message_keys.auto.c.33.o

.debug_abbrev   0x0000000000000000      0x413
 .debug_abbrev  0x0000000000000000      0x2ed src/c/Stateful.c.33.o
 .debug_abbrev  0x00000000000002ed       0x9e aplite/appinfo.auto.c.33.o
 .debug_abbrev  0x000000000000038b       0x44 aplite/src/resource_ids.auto.c.33.o
 .debug_abbrev  0x00000000000003cf       0x44 src/message_keys.auto.c.33.o

.debug_loc      0x0000000000000000      0x391
 .debug_loc     0x0000000000000000      0x391 src/c/Stateful.c.33.o

.debug_aranges  0x0000000000000000       0xb0
 .debug_aranges
                0x0000000000000000       0x68 src/c/Stateful.c.33.o
 .debug_aranges
                0x0000000000000068       0x18 aplite/appinfo.auto.c.33.o
 .debug_aranges
                0x0000000000000080       0x18 aplite/src/resource_ids.auto.c.33.o
 .debug_aranges
                0x0000000000000098       0x18 src/message_keys.auto.c.33.o

.debug_ranges   0x0000000000000000       0x78
 .debug_ranges  0x0000000000000000       0x78 src/c/Stateful.c.33.o

.debug_line     0x0000000000000000      0x55a
 .debug_line    0x0000000000000000      0x2a1 src/c/Stateful.c.33.o
 .debug_line    0x00000000000002a1      0x124 aplite/appinfo.auto.c.33.o
 .debug_line    0x00000000000003c5       0xce aplite/src/resource_ids.auto.c.33.o
 .debug_line    0x0000000000000493       0xc7 src/message_keys.auto.c.33.o

.debug_str      0x0000000000000000      0xbc2
 .debug_str     0x0000000000000000      0x8ec src/c/Stateful.c.33.o
                                        0x993 (size before relaxing)
 .debug_str     0x00000000000008ec      0x236 aplite/appinfo.auto.c.33.o
                                        0x320 (size before relaxing)
 .debug_str     0x0000000000000b22       0x76 aplite/src/resource_ids.auto.c.33.o
                                        0x141 (size before relaxing)
 .debug_str     0x0000000000000b98       0x2a src/message_keys.auto.c.33.o
                                         0xf5 (size before relaxing)

.debug_frame    0x0000000000000000      0x12c
 .debug_frame   0x0000000000000000      0x12c src/c/Stateful.c.33.o
